// Vitest Snapshot v1, https://vitest.dev/guide/snapshot.html

exports[`ItemGroup > should render correctly 1`] = `
"<div>
  <div>Item</div>
</div>"
`;

exports[`RItemGroup > should render correctly 1`] = `
"<div>
  <div>Item</div>
</div>"
`;
